metrics_client: -e Platform.FileSystem.Stateful_RecoveryNeeded 0 2
metrics_client: -e Platform.FileSystem.Stateful_FsckNeeded 1 2
metrics_client: Platform.FileSystem.Stateful_ErrorCount 61810 0 100000 20
metrics_client: -e Platform.FileSystem.EncStateful_RecoveryNeeded 1 2
metrics_client: -e Platform.FileSystem.EncStateful_FsckNeeded 0 2
metrics_client: Platform.FileSystem.EncStateful_ErrorCount 61810 0 100000 20
