metrics_client: Platform.SmartTransferErrors 0 1 1000000 20
metrics_client: Platform.SATA.PercentageUsed 2 0 255 50
metrics_client: Platform.SATA.AvailableReservedSpace 100 0 100 50
metrics_client: Platform.SATA.LogicalSectorsWritten 2169393975 0 214748364800 50
metrics_client: Platform.SATA.LogicalSectorsRead 3338302425 0 214748364800 50
